../drivers/Src/spi_driver.c:29:6:SPI_PeriClockControl	16	static
../drivers/Src/spi_driver.c:62:6:SPI_Init	24	static
../drivers/Src/spi_driver.c:110:9:SPI_GetFlagStatus	16	static
../drivers/Src/spi_driver.c:131:6:SPI_SendData	24	static
../drivers/Src/spi_driver.c:168:6:SPI_ReceiveData	24	static
../drivers/Src/spi_driver.c:206:6:SPI_PeripheralControl	16	static
../drivers/Src/spi_driver.c:230:7:SPI_SSIConfig	16	static
../drivers/Src/spi_driver.c:254:7:SPI_SSOEConfig	16	static
../drivers/Src/spi_driver.c:279:6:SPI_IRQInterruptConfig	16	static
../drivers/Src/spi_driver.c:327:6:SPI_IRQPriorityConfig	24	static
../drivers/Src/spi_driver.c:339:9:SPI_SendDataIT	32	static
../drivers/Src/spi_driver.c:360:9:SPI_ReceiveDataIT	32	static
../drivers/Src/spi_driver.c:382:6:SPI_IRQHandling	24	static
../drivers/Src/spi_driver.c:416:14:spi_txe_interrupt_handle	16	static
../drivers/Src/spi_driver.c:444:14:spi_rxne_interrupt_handle	16	static
../drivers/Src/spi_driver.c:469:14:spi_ovr_err_interrupt_handle	24	static
../drivers/Src/spi_driver.c:484:6:SPI_CloseTransmisson	16	static
../drivers/Src/spi_driver.c:491:6:SPI_CloseReception	16	static
../drivers/Src/spi_driver.c:500:6:SPI_ClearOVRFlag	24	static
